No files changed, compilation skipped

Ran 1 test for test/Vault.t.sol:VaultExploiter
[PASS] testExploit() (gas: 904180)
Suite result: ok. 1 passed; 0 failed; 0 skipped; finished in 4.10ms (3.83ms CPU time)

Ran 1 test suite in 94.77ms (4.10ms CPU time): 1 tests passed, 0 failed, 0 skipped (1 total tests)
